// Vitest Snapshot v1, https://vitest.dev/guide/snapshot.html

exports[`NewTodoForm Tests > matches snapshot 1`] = `
<DocumentFragment>
  <form
    class="NewTodoForm"
  >
    <label
      for="task"
    >
      New Task: 
    </label>
    <input
      id="task"
      name="task"
      type="text"
      value=""
    />
    <button
      type="submit"
    >
      Add Todo
    </button>
  </form>
</DocumentFragment>
`;
