// Vitest Snapshot v1, https://vitest.dev/guide/snapshot.html

exports[`TodoList Tests > matches snapshot 1`] = `
<DocumentFragment>
  <div
    class="TodoList"
  >
    <form
      class="NewTodoForm"
    >
      <label
        for="task"
      >
        New Task: 
      </label>
      <input
        id="task"
        name="task"
        type="text"
        value=""
      />
      <button
        type="submit"
      >
        Add Todo
      </button>
    </form>
    <ul />
  </div>
</DocumentFragment>
`;
