// Vitest Snapshot v1, https://vitest.dev/guide/snapshot.html

exports[`DogList Tests > Matches snapshot 1`] = `
<DocumentFragment>
  <div
    class="DogList"
  >
    <h1>
      All Dogs
    </h1>
    <ul>
      <li>
        <a
          href="/whiskey"
        >
          <img
            alt="Photo of Whiskey"
            src="whiskey.jpg"
          />
        </a>
        <br />
        Whiskey
      </li>
      <li>
        <a
          href="/duke"
        >
          <img
            alt="Photo of Duke"
            src="duke.jpg"
          />
        </a>
        <br />
        Duke
      </li>
      <li>
        <a
          href="/perry"
        >
          <img
            alt="Photo of Perry"
            src="perry.jpg"
          />
        </a>
        <br />
        Perry
      </li>
    </ul>
  </div>
</DocumentFragment>
`;
