// Vitest Snapshot v1, https://vitest.dev/guide/snapshot.html

exports[`Color Tests > Matches snapshot 1`] = `
<DocumentFragment>
  <p
    class="Color"
    style="background-color: rgb(255, 0, 255);"
  >
    purple
  </p>
</DocumentFragment>
`;
